********************************************************************************
DUPLICATOR-LITE PACKAGE-LOG: September 7, 2026 9:51 am
NOTICE: Do NOT post to public sites or forums 
********************************************************************************
VERSION:	1.5.17
WORDPRESS:	7.0.4
PHP INFO:	8.2.29 | SAPI: fpm-fcgi
SERVER:		nginx/1.26.1 
PHP TIME LIMIT: (0) no time limit imposed 
PHP MAX MEMORY: 4294967296 (256M default) 
MEMORY STACK: 6MB

********************************************************************************
DATABASE:
********************************************************************************
BUILD MODE:   PHP(query limit - 100)
MYSQLTIMEOUT: 5000
MYSQLDUMP:    Not Supported
TABLES: total:25 | filtered:0 | create:25
FILTERED: []
SQL CREATED: 20260907_wpproject_b3bae9c8afc168754540_20260907095103_database.sql
SQL FILE SIZE: 2.1MB (2205500)
SQL FILE TIME: 2026-09-07 09:52:08
SQL RUNTIME: 22.19 sec.

********************************************************************************
ARCHIVE (ZIP):
********************************************************************************
ARCHIVE DIR:  /Users/lucasalmeida/Local Sites/wpproject/app/public
ARCHIVE FILE: 20260907_wpproject_b3bae9c8afc168754540_20260907095103_archive.zip
FILTERS: *OFF*
DIRS:
	not set
FILES:
	not set
EXTS:  not set
----------------------------------------
COMPRESSING
SIZE:	217.06MB
STATS:	Dirs 906 | Files 5,408
SQL ADDED: 20260907_wpproject_b3bae9c8afc168754540_20260907095103_database.sql
ZipArchive Object
(
    [lastId] => 6313
    [status] => 0
    [statusSys] => 0
    [numFiles] => 6314
    [filename] => /Users/lucasalmeida/Local Sites/wpproject/app/public/wp-content/backups-dup-lite/tmp/20260907_wpproject_b3bae9c8afc168754540_20260907095103_archive.zip
    [comment] => 
)

FILE ADDED TO ZIP: 6313
COMPRESSION RESULT: '1'
COMPRESSED SIZE: 160.61MB
ARCHIVE RUNTIME: 7.47 sec.
MEMORY STACK: 8MB
building installer
ARCHIVE CONSISTENCY TEST: PASS

********************************************************************************
INTEGRITY CHECKS:
********************************************************************************
SQL FILE: 2.1MB
INSTALLER FILE: 73.49KB
ARCHIVE FILE: 162.5MB 
EXPECTED FILE/DIRECTORY COUNT: 6,314
ACTUAL FILE/DIRECTORY COUNT: 6,313
ARCHIVE CONSISTENCY TEST: Pass

********************************************************************************
RECORD ID:[1]
TOTAL PROCESS RUNTIME: 34.84 sec.
PEAK PHP MEMORY USED: 12MB
DONE PROCESSING => 20260907_wpproject September 7, 2026 9:52 am

